✔ 24 capturas · M-INV 3.1.0-alpha.1 · 25/09/2026 13:36
01-pantalla-de-carga.png
02-inicio-de-sesion.png
03-demostracion-elegir-rol.png
04-inicio.png
05-stock.png
06-registrar-movimiento.png
07-movimiento-registrado.png
08-poka-yoke-salida-bloqueada.png
09-toma-fisica.png
10-confirmar-ajustes.png
11-alertas.png
12-pedido-sugerido.png
13-actividad.png
14-configuracion.png
15-ayuda.png
16-ficha-del-producto.png
20-oscuro-inicio.png
21-oscuro-stock.png
22-oscuro-registro.png
23-oscuro-alertas.png
24-oscuro-ficha.png
25-cambiar-contrasena.png
30-rol-ventas-inicio.png
31-rol-ventas-registro.png
