✔ 86 capturas · M-INV 6.0.0-alpha.1 · tema base claro · 28/09/2026 05:22
01-pantalla-de-carga.png
02-inicio-de-sesion.png
04-inicio-de-sesion-nube.png
03-demostracion-elegir-rol.png
04-inicio.png
05-stock.png
06-registrar-movimiento.png
07-movimiento-registrado.png
08-poka-yoke-salida-bloqueada.png
09-toma-fisica.png
10-confirmar-ajustes.png
11-alertas.png
12-pedido-sugerido.png
13-actividad.png
14-configuracion.png
15-ayuda.png
16-ficha-del-producto.png
20-oscuro-inicio.png
21-oscuro-stock.png
22-oscuro-registro.png
23-oscuro-alertas.png
24-oscuro-ficha.png
25-cambiar-contrasena.png
30-rol-ventas-inicio.png
31-rol-ventas-registro.png
40-inicio-administrador.png
41-catalogo-galeria.png
42-catalogo-editor.png
43-catalogo-lista.png
44-ventas.png
45-clientes.png
46-ordenes-de-compra.png
47-proveedores.png
48-reportes-ventas.png
49-reportes-inventario.png
50-contabilidad-resultados.png
51-libro-diario.png
52-nuevo-asiento.png
53-usuarios.png
54-roles-y-funciones.png
63-sucursales.png
64-transferencias.png
65-recibir-transferencia.png
66-integraciones-api-keys.png
67-integraciones-webhooks.png
68-sucursal-cochabamba.png
57-stock-galeria.png
55-ficha-con-imagen.png
60-oscuro-catalogo.png
61-oscuro-reportes.png
62-oscuro-contabilidad.png
56-punto-de-venta.png
63-oscuro-punto-de-venta.png
75-punto-de-venta-datos-de-facturacion.png
69-estado-siat.png
70-documentos-fiscales-detalle.png
71-anular-documento-fiscal.png
80-ventas-con-factura-del-sin.png
72-homologacion.png
73-libros-fiscales-ventas.png
77-libros-fiscales-resumen-iva-it.png
74-configuracion-facturacion-siat.png
78-oscuro-documentos-fiscales.png
79-oscuro-estado-siat.png
81-inicio-tecnologia.png
82-catalogo-insignias-y-plataformas.png
83-catalogo-ficha-tecnica.png
98-oscuro-catalogo-ficha-tecnica.png
84-catalogo-especificaciones.png
85-caja-elegir-serie.png
86-caja-con-series.png
97-oscuro-caja-con-series.png
87-armador-de-pc.png
94-oscuro-armador-de-pc.png
88-armador-cotizaciones.png
89-armador-proforma.png
99-armador-reservas-web.png
100-armador-reserva-web-detalle.png
102-oscuro-armador-reserva-web-detalle.png
90-caja-desde-armado.png
101-stock-con-reservado.png
91-series-e-imei.png
95-oscuro-series-e-imei.png
92-garantias-rma.png
96-oscuro-garantias-rma.png
93-abrir-caso-rma.png
